
鍐欏叆 C:\Users\Administrator\WorkBuddy\2026-09-18-11-20-24\_fixpush2\web\zjds\data.js
鏇存柊缁熻: 鑷姩(ZOL) 80 娆? 鎵嬪姩淇濈暀 8 娆? 鍏?88 娆?--- 鏄庣粏 ---
[ZOL ] Intel 閰风澘 i5-14600KF -> 楼2499  (https://detail.zol.com.cn/cpu/index1929615.shtml)
[ZOL ] Intel 閰风澘 i7-14700KF -> 楼3299  (https://detail.zol.com.cn/cpu/index1929613.shtml)
[ZOL ] Intel 閰风澘 i9-14900KF -> 楼4999  (https://detail.zol.com.cn/cpu/index1805095.shtml)
[ZOL ] AMD 閿愰緳 R5 7500F -> 楼1239  (https://detail.zol.com.cn/cpu/index1796349.shtml)
[ZOL ] AMD 閿愰緳 R7 7800X3D -> 楼3099  (https://detail.zol.com.cn/cpu/index1440585.shtml)
[ZOL ] AMD 閿愰緳 R9 7950X -> 楼5499  (https://detail.zol.com.cn/cpu/index1424741.shtml)
[鎵嬪姩] Intel 閰风澘 i5-14400F -> 淇濈暀 楼999
[ZOL ] Intel 閰风澘 i5-13600KF -> 楼2600  (https://detail.zol.com.cn/cpu/index1429351.shtml)
[ZOL ] Intel 閰风澘 i5-14600K -> 楼2599  (https://detail.zol.com.cn/cpu/index1929614.shtml)
[ZOL ] AMD 閿愰緳 R5 7600 -> 楼1549  (https://detail.zol.com.cn/cpu/index1440587.shtml)
[ZOL ] AMD 閿愰緳 R5 7600X -> 楼2249  (https://detail.zol.com.cn/cpu/index1367038.shtml)
[ZOL ] AMD 閿愰緳 R7 7700 -> 楼1899  (https://detail.zol.com.cn/cpu/index1440586.shtml)
[ZOL ] AMD 閿愰緳 R7 9700X -> 楼2849  (https://detail.zol.com.cn/cpu/index2018966.shtml)
[鎵嬪姩] AMD 閿愰緳 R9 9900X -> 淇濈暀 楼4299
[ZOL ] 寰槦 PRO B760M-A DDR5 -> 楼949  (https://detail.zol.com.cn/motherboard/index2103759.shtml)
[ZOL ] 鍗庣 ROG STRIX Z790-A -> 楼2699  (https://detail.zol.com.cn/motherboard/index1465548.shtml)
[ZOL ] 鎶€鍢?B650M 灏忛洉 -> 楼999  (https://detail.zol.com.cn/motherboard/index2071207.shtml)
[ZOL ] 寰槦 MPG X670E -> 楼3999  (https://detail.zol.com.cn/motherboard/index1429433.shtml)
[ZOL ] 寰槦 PRO H610M DDR5 -> 楼599  (https://detail.zol.com.cn/motherboard/index1544325.shtml)
[ZOL ] 鍗庣 TUF B760M -> 楼949  (https://detail.zol.com.cn/motherboard/index2103759.shtml)
[ZOL ] 鎶€鍢?Z790 UD -> 楼2699  (https://detail.zol.com.cn/motherboard/index1465548.shtml)
[ZOL ] 鍗庣 TUF GAMING B650 -> 楼1499  (https://detail.zol.com.cn/motherboard/index1430243.shtml)
[ZOL ] 寰槦 B650M 杩嚮鐐?-> 楼999  (https://detail.zol.com.cn/motherboard/index2071207.shtml)
[ZOL ] 鍗庣 ROG X670E 鏃楄埌 -> 楼2899  (https://detail.zol.com.cn/motherboard/index1430816.shtml)
[鎵嬪姩] 鎶€鍢?A620M -> 淇濈暀 楼799
[鎵嬪姩] 鏍告樉锛堜娇鐢ㄥ鐞嗗櫒闆嗘垚鏄惧崱锛?-> 淇濈暀 楼0
[ZOL ] 褰遍┌ RTX 4060 閲戝睘澶у笀 -> 楼2499  (https://detail.zol.com.cn/vga/index1794057.shtml)
[ZOL ] 涓冨僵铏?RTX 4070 SUPER -> 楼5499  (https://detail.zol.com.cn/vga/index1991186.shtml)
[ZOL ] 寰槦 RTX 4080 SUPER -> 楼8999  (https://detail.zol.com.cn/vga/index1980451.shtml)
[ZOL ] 鍗庣 RTX 4090 ROG -> 楼23999  (https://detail.zol.com.cn/vga/index2126436.shtml)
[ZOL ] 钃濆疂鐭?RX 7800 XT -> 楼5249  (https://detail.zol.com.cn/vga/index1857616.shtml)
[ZOL ] 褰遍┌ RTX 4060 Ti 8G -> 楼3499  (https://detail.zol.com.cn/vga/index1617201.shtml)
[ZOL ] 涓冨僵铏?RTX 4070 -> 楼11999  (https://detail.zol.com.cn/vga/index1511407.shtml)
[ZOL ] 寰槦 RTX 4070 Ti SUPER -> 楼6899  (https://detail.zol.com.cn/vga/index1978348.shtml)
[ZOL ] 褰遍┌ RTX 4080 -> 楼9399  (https://detail.zol.com.cn/vga/index1433634.shtml)
[ZOL ] 钃濆疂鐭?RX 7600 -> 楼2299  (https://detail.zol.com.cn/vga/index1653094.shtml)
[ZOL ] 鎾艰 RX 7700 XT -> 楼3699  (https://detail.zol.com.cn/vga/index1968940.shtml)
[ZOL ] 钃濆疂鐭?RX 7900 XT -> 楼6399  (https://detail.zol.com.cn/vga/index1437002.shtml)
[鎵嬪姩] 钃濆疂鐭?RX 7900 XTX -> 淇濈暀 楼7999
[ZOL ] 鑻辩壒灏?Arc A770 16G -> 楼2199  (https://detail.zol.com.cn/vga/index1950003.shtml)
[ZOL ] 鎾艰 RX 9070 XT -> 楼5799  (https://detail.zol.com.cn/vga/index2141540.shtml)
[ZOL ] 閲戝＋椤?FURY 16G DDR5 6000 -> 楼479  (https://detail.zol.com.cn/memory/index1948453.shtml)
[ZOL ] 鑺濆 鐒板厜鎴?32G DDR5 6000 -> 楼999  (https://detail.zol.com.cn/memory/index1985125.shtml)
[ZOL ] 鑻辩澘杈?32G DDR5 6400 -> 楼799  (https://detail.zol.com.cn/memory/index1955978.shtml)
[ZOL ] 閲戠櫨杈?16G DDR5 6800 -> 楼415  (https://detail.zol.com.cn/memory/index1984994.shtml)
[ZOL ] 閲戝＋椤?FURY 32G DDR5 6000 -> 楼759  (https://detail.zol.com.cn/memory/index1629095.shtml)
[ZOL ] 鑺濆 鐒板厜鎴?16G DDR5 6000 -> 楼479  (https://detail.zol.com.cn/memory/index1948453.shtml)
[ZOL ] 鑻辩澘杈?16G DDR5 5600 -> 楼299  (https://detail.zol.com.cn/memory/index1857413.shtml)
[ZOL ] 鍏夊▉ 32G DDR5 6400 -> 楼799  (https://detail.zol.com.cn/memory/index1955978.shtml)
[ZOL ] 闃挎柉鍔犵壒 32G DDR5 6800 -> 楼1469  (https://detail.zol.com.cn/memory/index1985151.shtml)
[ZOL ] 鑷存€?TiPlus7100 1TB -> 楼359  (https://detail.zol.com.cn/solid_state_drive/index1432186.shtml)
[ZOL ] 涓夋槦 980 PRO 1TB -> 楼299  (https://detail.zol.com.cn/solid_state_drive/index1308467.shtml)
[ZOL ] 瑗挎暟 SN850X 2TB -> 楼659  (https://detail.zol.com.cn/solid_state_drive/index1427476.shtml)
[ZOL ] 鑷存€?Ti600 2TB -> 楼339  (https://detail.zol.com.cn/solid_state_drive/index1918447.shtml)
[ZOL ] 閾犱緺 SE10 1TB -> 楼1329  (https://detail.zol.com.cn/solid_state_drive/index1380777.shtml)
[ZOL ] 鑷存€?TiPlus5000 1TB -> 楼679  (https://detail.zol.com.cn/solid_state_drive/index1403186.shtml)
[ZOL ] 涓夋槦 990 PRO 2TB -> 楼1099  (https://detail.zol.com.cn/solid_state_drive/index1425885.shtml)
[ZOL ] 鑻辩澘杈?P3 Plus 1TB -> 楼599  (https://detail.zol.com.cn/solid_state_drive/index1428179.shtml)
[鎵嬪姩] 瑗挎暟 SN770 1TB -> 淇濈暀 楼469
[ZOL ] 鍒╂皯 AX120 R SE 椋庡喎 -> 楼89  (https://detail.zol.com.cn/cooling_product/index1424114.shtml)
[ZOL ] 涔濆窞椋庣 AK620 鍙屽 -> 楼404  (https://detail.zol.com.cn/cooling_product/index2153300.shtml)
[ZOL ] 鍒╂皯 Frozen 360 姘村喎 -> 楼509  (https://detail.zol.com.cn/cooling_product/index1346515.shtml)
[ZOL ] 鎭╂澃 Kraken 360 姘村喎 -> 楼2199  (https://detail.zol.com.cn/cooling_product/index1526210.shtml)
[ZOL ] 鍒╂皯 PA120 鍙屽 -> 楼179  (https://detail.zol.com.cn/cooling_product/index1424264.shtml)
[ZOL ] 涔濆窞椋庣 AG400 -> 楼79  (https://detail.zol.com.cn/cooling_product/index2158680.shtml)
[ZOL ] 瓒呴涓?涓滄捣 R4000 -> 楼99  (https://detail.zol.com.cn/cooling_product/index1424636.shtml)
[鎵嬪姩] 鎭╂澃 Kraken 240 姘村喎 -> 淇濈暀 楼699
[ZOL ] 寰槦 MAG 360 姘村喎 -> 楼699  (https://detail.zol.com.cn/cooling_product/index1429210.shtml)
[ZOL ] 涔旀€濅集 CR-1000 椋庡喎 -> 楼80  (https://detail.zol.com.cn/cooling_product/index1281413.shtml)
[ZOL ] 闀垮煄 650W 閲戠墝 -> 楼475  (https://detail.zol.com.cn/power/index1289953.shtml)
[ZOL ] 閰峰喎鑷冲皧 750W 閲戠墝 -> 楼699  (https://detail.zol.com.cn/power/index1342457.shtml)
[ZOL ] 鎸崕 LEADEX 850W 閲戠墝 -> 楼1079  (https://detail.zol.com.cn/power/index1379628.shtml)
[ZOL ] 娴烽煹 FOCUS 1000W 鐧介噾 -> 楼899  (https://detail.zol.com.cn/power/index299190.shtml)
[ZOL ] 鎸崕 550W 閾滅墝 -> 楼379  (https://detail.zol.com.cn/power/index356028.shtml)
[ZOL ] 瀹夐挍鍏?750W 閲戠墝 -> 楼699  (https://detail.zol.com.cn/power/index1342457.shtml)
[ZOL ] 娴风洍鑸?RM850e 閲戠墝 -> 楼999  (https://detail.zol.com.cn/power/index1914231.shtml)
[ZOL ] 寰槦 A1000G 閲戠墝 -> 楼999  (https://detail.zol.com.cn/power/index1397857.shtml)
[ZOL ] 鍏ㄦ眽 1200W 鐧介噾 -> 楼599  (https://detail.zol.com.cn/power/index2175397.shtml)
[ZOL ] 鍏堥┈ 骞冲ご鍝?M2 -> 楼159  (https://detail.zol.com.cn/case/index1980292.shtml)
[ZOL ] 涔旀€濅集 D31 缃戝瓟鐗?-> 楼1399  (https://detail.zol.com.cn/case/index1948884.shtml)
[鎵嬪姩] 杩介鑰?623 -> 淇濈暀 楼499
[ZOL ] 鑱斿姏 鍖呰豹鏂?O11 -> 楼988  (https://detail.zol.com.cn/case/index1466488.shtml)
[ZOL ] 鍏堥┈ 椴佺彮1 -> 楼229  (https://detail.zol.com.cn/case/index1296011.shtml)
[ZOL ] 鐖卞浗鑰?YOGO M2 -> 楼159  (https://detail.zol.com.cn/case/index1980292.shtml)
[ZOL ] 閰峰喎 NR400 -> 楼399  (https://detail.zol.com.cn/case/index1277914.shtml)
[ZOL ] 鑱斿姏 楝兼枾207 -> 楼549  (https://detail.zol.com.cn/case/index2128556.shtml)
[ZOL ] 瀹夐挍鍏?P20C -> 楼454  (https://detail.zol.com.cn/case/index1980591.shtml)
[ZOL ] 杩介鑰?XT523 -> 楼499  (https://detail.zol.com.cn/case/index1971140.shtml)
FE=0
[versionize] 璧勬簮鐗堟湰鍙峰凡鏇存柊涓??v=20261008123409
